// Jest Snapshot v1, https://goo.gl/fbAQLP

exports[`Snapshot testing of AcceptCookies AcceptCookies snapshot 1`] = `
<div
  className="toast-container bottom-0 end-0 p-3"
  style={
    {
      "zIndex": 1,
    }
  }
>
  <div
    aria-atomic="true"
    aria-live="assertive"
    className="fade toast bg-dark show"
    role="alert"
  >
    <div
      className="toast-header"
    >
      <svg
        fill="currentColor"
        height={48}
        stroke="currentColor"
        strokeWidth="0"
        style={
          {
            "color": undefined,
          }
        }
        viewBox="0 0 640 512"
        width={48}
        xmlns="http://www.w3.org/2000/svg"
      >
        <path
          d="M434.7 64h-85.9c-8 0-15.7 3-21.6 8.4l-98.3 90c-.1.1-.2.3-.3.4-16.6 15.6-16.3 40.5-2.1 56 12.7 13.9 39.4 17.6 56.1 2.7.1-.1.3-.1.4-.2l79.9-73.2c6.5-5.9 16.7-5.5 22.6 1 6 6.5 5.5 16.6-1 22.6l-26.1 23.9L504 313.8c2.9 2.4 5.5 5 7.9 7.7V128l-54.6-54.6c-5.9-6-14.1-9.4-22.6-9.4zM544 128.2v223.9c0 17.7 14.3 32 32 32h64V128.2h-96zm48 223.9c-8.8 0-16-7.2-16-16s7.2-16 16-16 16 7.2 16 16-7.2 16-16 16zM0 384h64c17.7 0 32-14.3 32-32V128.2H0V384zm48-63.9c8.8 0 16 7.2 16 16s-7.2 16-16 16-16-7.2-16-16c0-8.9 7.2-16 16-16zm435.9 18.6L334.6 217.5l-30 27.5c-29.7 27.1-75.2 24.5-101.7-4.4-26.9-29.4-24.8-74.9 4.4-101.7L289.1 64h-83.8c-8.5 0-16.6 3.4-22.6 9.4L128 128v223.9h18.3l90.5 81.9c27.4 22.3 67.7 18.1 90-9.3l.2-.2 17.9 15.5c15.9 13 39.4 10.5 52.3-5.4l31.4-38.6 5.4 4.4c13.7 11.1 33.9 9.1 45-4.7l9.5-11.7c11.2-13.8 9.1-33.9-4.6-45.1z"
        />
      </svg>
      <strong
        className="me-auto"
      >
        <div
          style={
            {
              "fontWeight": "bold",
              "marginLeft": "1em",
              "width": "100%",
            }
          }
        >
          Please Read and Accept our TOS
        </div>
      </strong>
      <button
        aria-label="Close"
        className="btn-close"
        data-dismiss="toast"
        onClick={[Function]}
        type="button"
      />
    </div>
    <div
      className="toast-body"
    >
      <div
        className="accordion accordion-flush"
      >
        <div
          className="accordion-item"
        >
          <h2
            className="accordion-header"
          >
            <button
              aria-expanded={false}
              className="accordion-button collapsed"
              onClick={[Function]}
              type="button"
            >
              <b>
                Privacy Policy
              </b>
            </button>
          </h2>
          <div
            aria-expanded={null}
            className="accordion-collapse collapse"
          >
            <div
              className="accordion-body"
            >
              We value your privacy and your data. We do not sell your data to third parties.
              <br />
              <br />
              For more details on how we use your data, please review our
              <a
                href="https://valkyrlabs.com/v1/docs/Legal/privacy/"
                rel="noopener noreferrer"
                target="_blank"
              >
                <br />
                <b>
                  Privacy Policy
                </b>
              </a>
            </div>
          </div>
        </div>
        <div
          className="accordion-item"
        >
          <h2
            className="accordion-header"
          >
            <button
              aria-expanded={false}
              className="accordion-button collapsed"
              onClick={[Function]}
              type="button"
            >
              <b>
                Terms of Service
              </b>
            </button>
          </h2>
          <div
            aria-expanded={null}
            className="accordion-collapse collapse"
          >
            <div
              className="accordion-body"
            >
              We and our partners use cookies for essential site functionality, analytics, and to improve your user experience.
              <br />
              By using this site, you agree to our
               
              <br />
              <a
                href="https://valkyrlabs.com/v1/docs/Legal/tos"
                rel="noopener noreferrer"
                target="_blank"
              >
                <b>
                  Terms of Service
                </b>
              </a>
            </div>
          </div>
        </div>
      </div>
      <br />
      <div
        className="row"
      >
        <div
          className="col"
        >
          <button
            className="btnx btn btn-info"
            onClick={[Function]}
          >
            ACCEPT
          </button>
        </div>
        <div
          className="col"
        >
          <button
            className="btnx btn btn-warning"
            onClick={[Function]}
          >
            DECLINE
          </button>
        </div>
      </div>
    </div>
  </div>
</div>
`;
