// Jest Snapshot v1, https://goo.gl/fbAQLP

exports[`Snapshot testing of ErrorModal ErrorModal snapshot 1`] = `null`;
